// Jest Snapshot v1, https://goo.gl/fbAQLP

exports[`CountryView while loading 1`] = `
<div
  className="sc-hKgILt CUpEl"
>
  <h1
    className="MuiTypography-root MuiTypography-h1"
  >
    Loading...
  </h1>
  <div
    className="sc-eCssSg dsCps"
  >
    <div
      className="MuiCircularProgress-root MuiCircularProgress-colorPrimary MuiCircularProgress-indeterminate"
      role="progressbar"
      style={
        Object {
          "height": 40,
          "width": 40,
        }
      }
    >
      <svg
        className="MuiCircularProgress-svg"
        viewBox="22 22 44 44"
      >
        <circle
          className="MuiCircularProgress-circle MuiCircularProgress-circleIndeterminate"
          cx={44}
          cy={44}
          fill="none"
          r={20.2}
          strokeWidth={3.6}
          style={Object {}}
        />
      </svg>
    </div>
  </div>
</div>
`;
